
> wifi-attendance-backend@1.0.0 test
> jest --detectOpenHandles tests/integration/auth.test.js

  console.log
    [dotenv@17.2.3] injecting env (12) from .env -- tip: ???? prevent building .env in docker: https://dotenvx.com/prebuild

      at _log (node_modules/dotenv/lib/main.js:142:11)

  console.log
    [dotenv@17.2.3] injecting env (0) from .env -- tip: ???? prevent building .env in docker: https://dotenvx.com/prebuild

      at _log (node_modules/dotenv/lib/main.js:142:11)

  console.error
    [2026-04-24T11:33:30.800Z] Error: {
      message: '?????? ???????????? ?????????? ?????? ?????????????????? ??????????????????',
      statusCode: 403,
      url: '/api/auth/web/login',
      method: 'POST'
    }

    [0m [90m 60 |[39m
     [90m 61 |[39m   [90m// Log error (always log in production for monitoring)[39m
    [31m[1m>[22m[39m[90m 62 |[39m   console[33m.[39merror([32m`[${new Date().toISOString()}] Error:`[39m[33m,[39m {
     [90m    |[39m           [31m[1m^[22m[39m
     [90m 63 |[39m     message[33m:[39m error[33m.[39mmessage[33m,[39m
     [90m 64 |[39m     statusCode[33m:[39m statusCode[33m,[39m
     [90m 65 |[39m     url[33m:[39m req[33m.[39moriginalUrl[33m,[39m[0m

      at error (src/middlewares/error.middleware.js:62:11)
      at Layer.handleError (node_modules/router/lib/layer.js:116:17)
      at trimPrefix (node_modules/router/index.js:340:13)
      at node_modules/router/index.js:297:9
      at processParams (node_modules/router/index.js:582:12)
      at next (node_modules/router/index.js:291:5)
      at Layer.handleError (node_modules/router/lib/layer.js:111:12)
      at trimPrefix (node_modules/router/index.js:340:13)
      at node_modules/router/index.js:297:9
      at processParams (node_modules/router/index.js:582:12)
      at next (node_modules/router/index.js:291:5)
      at node_modules/router/index.js:688:15
      at next (node_modules/router/index.js:276:14)
      at Layer.handleError (node_modules/router/lib/layer.js:111:12)
      at trimPrefix (node_modules/router/index.js:340:13)
      at node_modules/router/index.js:297:9
      at processParams (node_modules/router/index.js:582:12)
      at next (node_modules/router/index.js:291:5)
      at next (node_modules/router/lib/route.js:132:14)

  console.error
    [2026-04-24T11:33:31.991Z] Error: {
      message: '???????????? ???????????????????? ???? ???????? ???????????? ?????? ??????????',
      statusCode: 401,
      url: '/api/auth/web/login',
      method: 'POST'
    }

    [0m [90m 60 |[39m
     [90m 61 |[39m   [90m// Log error (always log in production for monitoring)[39m
    [31m[1m>[22m[39m[90m 62 |[39m   console[33m.[39merror([32m`[${new Date().toISOString()}] Error:`[39m[33m,[39m {
     [90m    |[39m           [31m[1m^[22m[39m
     [90m 63 |[39m     message[33m:[39m error[33m.[39mmessage[33m,[39m
     [90m 64 |[39m     statusCode[33m:[39m statusCode[33m,[39m
     [90m 65 |[39m     url[33m:[39m req[33m.[39moriginalUrl[33m,[39m[0m

      at error (src/middlewares/error.middleware.js:62:11)
      at Layer.handleError (node_modules/router/lib/layer.js:116:17)
      at trimPrefix (node_modules/router/index.js:340:13)
      at node_modules/router/index.js:297:9
      at processParams (node_modules/router/index.js:582:12)
      at next (node_modules/router/index.js:291:5)
      at Layer.handleError (node_modules/router/lib/layer.js:111:12)
      at trimPrefix (node_modules/router/index.js:340:13)
      at node_modules/router/index.js:297:9
      at processParams (node_modules/router/index.js:582:12)
      at next (node_modules/router/index.js:291:5)
      at node_modules/router/index.js:688:15
      at next (node_modules/router/index.js:276:14)
      at Layer.handleError (node_modules/router/lib/layer.js:111:12)
      at trimPrefix (node_modules/router/index.js:340:13)
      at node_modules/router/index.js:297:9
      at processParams (node_modules/router/index.js:582:12)
      at next (node_modules/router/index.js:291:5)
      at next (node_modules/router/lib/route.js:132:14)

  console.error
    [2026-04-24T11:33:34.702Z] Error: {
      message: '?????? ???????????? ???????? ?????? ???????? ??????. ???????? ?????????????? ???????????? ???????????? ???? ?????? ?????????? ????????????.',
      statusCode: 403,
      url: '/api/auth/mobile/login',
      method: 'POST'
    }

    [0m [90m 60 |[39m
     [90m 61 |[39m   [90m// Log error (always log in production for monitoring)[39m
    [31m[1m>[22m[39m[90m 62 |[39m   console[33m.[39merror([32m`[${new Date().toISOString()}] Error:`[39m[33m,[39m {
     [90m    |[39m           [31m[1m^[22m[39m
     [90m 63 |[39m     message[33m:[39m error[33m.[39mmessage[33m,[39m
     [90m 64 |[39m     statusCode[33m:[39m statusCode[33m,[39m
     [90m 65 |[39m     url[33m:[39m req[33m.[39moriginalUrl[33m,[39m[0m

      at error (src/middlewares/error.middleware.js:62:11)
      at Layer.handleError (node_modules/router/lib/layer.js:116:17)
      at trimPrefix (node_modules/router/index.js:340:13)
      at node_modules/router/index.js:297:9
      at processParams (node_modules/router/index.js:582:12)
      at next (node_modules/router/index.js:291:5)
      at Layer.handleError (node_modules/router/lib/layer.js:111:12)
      at trimPrefix (node_modules/router/index.js:340:13)
      at node_modules/router/index.js:297:9
      at processParams (node_modules/router/index.js:582:12)
      at next (node_modules/router/index.js:291:5)
      at node_modules/router/index.js:688:15
      at next (node_modules/router/index.js:276:14)
      at Layer.handleError (node_modules/router/lib/layer.js:111:12)
      at trimPrefix (node_modules/router/index.js:340:13)
      at node_modules/router/index.js:297:9
      at processParams (node_modules/router/index.js:582:12)
      at next (node_modules/router/index.js:291:5)
      at next (node_modules/router/lib/route.js:132:14)

  console.error
    [2026-04-24T11:33:36.344Z] Error: {
      message: 'Refresh token is required',
      statusCode: 401,
      url: '/api/auth/web/refresh',
      method: 'POST'
    }

    [0m [90m 60 |[39m
     [90m 61 |[39m   [90m// Log error (always log in production for monitoring)[39m
    [31m[1m>[22m[39m[90m 62 |[39m   console[33m.[39merror([32m`[${new Date().toISOString()}] Error:`[39m[33m,[39m {
     [90m    |[39m           [31m[1m^[22m[39m
     [90m 63 |[39m     message[33m:[39m error[33m.[39mmessage[33m,[39m
     [90m 64 |[39m     statusCode[33m:[39m statusCode[33m,[39m
     [90m 65 |[39m     url[33m:[39m req[33m.[39moriginalUrl[33m,[39m[0m

      at error (src/middlewares/error.middleware.js:62:11)
      at Layer.handleError (node_modules/router/lib/layer.js:116:17)
      at trimPrefix (node_modules/router/index.js:340:13)
      at node_modules/router/index.js:297:9
      at processParams (node_modules/router/index.js:582:12)
      at next (node_modules/router/index.js:291:5)
      at Layer.handleError (node_modules/router/lib/layer.js:111:12)
      at trimPrefix (node_modules/router/index.js:340:13)
      at node_modules/router/index.js:297:9
      at processParams (node_modules/router/index.js:582:12)
      at next (node_modules/router/index.js:291:5)
      at node_modules/router/index.js:688:15
      at next (node_modules/router/index.js:276:14)
      at Layer.handleError (node_modules/router/lib/layer.js:111:12)
      at trimPrefix (node_modules/router/index.js:340:13)
      at node_modules/router/index.js:297:9
      at processParams (node_modules/router/index.js:582:12)
      at next (node_modules/router/index.js:291:5)
      at next (node_modules/router/lib/route.js:132:14)

  console.log
    Refresh Token Error: { success: false, error: 'Refresh token is required' } Cookies: [
      'accessToken=',
      'refreshToken=',
      'accessToken=eyJhbGciOiJIUzI1NiIsInR5cCI6IkpXVCJ9.eyJpZCI6IjY5ZWI1NTBlYTFlYmU2YTA0MjM2ODlkMiIsImlhdCI6MTc3NzAzMDQxNiwiZXhwIjoxNzc3MDMxMzE2fQ.QQuztRh7CIsdfxyeDAJPBqJKgd03-2bJMj7aK3jGZSE',
      'refreshToken=eyJhbGciOiJIUzI1NiIsInR5cCI6IkpXVCJ9.eyJpZCI6IjY5ZWI1NTBlYTFlYmU2YTA0MjM2ODlkMiIsImlhdCI6MTc3NzAzMDQxNiwiZXhwIjoxNzc3NjM1MjE2fQ._ZKduhpAbvtt7bXXg00RndaA3mQCDugct8Fr6b2gfuY'
    ]

      at Object.log (tests/integration/auth.test.js:143:43)

  console.error
    [2026-04-24T11:33:38.755Z] Error: {
      message: 'token already exists',
      statusCode: 409,
      url: '/api/auth/mobile/login',
      method: 'POST'
    }

    [0m [90m 60 |[39m
     [90m 61 |[39m   [90m// Log error (always log in production for monitoring)[39m
    [31m[1m>[22m[39m[90m 62 |[39m   console[33m.[39merror([32m`[${new Date().toISOString()}] Error:`[39m[33m,[39m {
     [90m    |[39m           [31m[1m^[22m[39m
     [90m 63 |[39m     message[33m:[39m error[33m.[39mmessage[33m,[39m
     [90m 64 |[39m     statusCode[33m:[39m statusCode[33m,[39m
     [90m 65 |[39m     url[33m:[39m req[33m.[39moriginalUrl[33m,[39m[0m

      at error (src/middlewares/error.middleware.js:62:11)
      at Layer.handleError (node_modules/router/lib/layer.js:116:17)
      at trimPrefix (node_modules/router/index.js:340:13)
      at node_modules/router/index.js:297:9
      at processParams (node_modules/router/index.js:582:12)
      at next (node_modules/router/index.js:291:5)
      at Layer.handleError (node_modules/router/lib/layer.js:111:12)
      at trimPrefix (node_modules/router/index.js:340:13)
      at node_modules/router/index.js:297:9
      at processParams (node_modules/router/index.js:582:12)
      at next (node_modules/router/index.js:291:5)
      at node_modules/router/index.js:688:15
      at next (node_modules/router/index.js:276:14)
      at Layer.handleError (node_modules/router/lib/layer.js:111:12)
      at trimPrefix (node_modules/router/index.js:340:13)
      at node_modules/router/index.js:297:9
      at processParams (node_modules/router/index.js:582:12)
      at next (node_modules/router/index.js:291:5)
      at next (node_modules/router/lib/route.js:132:14)

  console.log
    Login with New Password Error: { success: false, error: 'token already exists' }

      at Object.log (tests/integration/auth.test.js:177:49)

